#-----------------------------------------------------------
# Webtalk v2020.2 (64-bit)
# SW Build 3064766 on Wed Nov 18 09:12:45 MST 2020
# IP Build 3064653 on Wed Nov 18 14:17:31 MST 2020
# Start of session at: Tue Nov  9 17:15:13 2021
# Process ID: 2796
# Current directory: C:/Users/albert.poblador/ip_lab3/ip_repo/edit_VGA_Controller_v1_0.sim/sim_1/impl/timing/xsim
# Command line: wbtcv.exe -mode batch -source C:/Users/albert.poblador/ip_lab3/ip_repo/edit_VGA_Controller_v1_0.sim/sim_1/impl/timing/xsim/xsim.dir/VGA_Controller_tb_time_impl/webtalk/xsim_webtalk.tcl -notrace
# Log file: C:/Users/albert.poblador/ip_lab3/ip_repo/edit_VGA_Controller_v1_0.sim/sim_1/impl/timing/xsim/webtalk.log
# Journal file: C:/Users/albert.poblador/ip_lab3/ip_repo/edit_VGA_Controller_v1_0.sim/sim_1/impl/timing/xsim\webtalk.jou
#-----------------------------------------------------------
source C:/Users/albert.poblador/ip_lab3/ip_repo/edit_VGA_Controller_v1_0.sim/sim_1/impl/timing/xsim/xsim.dir/VGA_Controller_tb_time_impl/webtalk/xsim_webtalk.tcl -notrace
